Initializing Orchestrator...
Running analysis for: Technology
Resolving sector: Technology
≡ƒöì Resolving Sector: technology
Γ£à Found partial index match: 'technology select sector'
Analyzing 20 stocks: ['MSFT', 'AAPL', 'NVDA', 'AVGO', 'AMD', 'ADBE', 'CRM', 'CSCO', 'QCOM', 'ACN', 'INTU', 'TXN', 'IBM', 'ORCL', 'AMAT', 'MU', 'NOW', 'LRCX', 'PANW', 'ADI']
Detected Region: US. Fetching Market Context...
Market P/E: {'trailing_pe': 27.451393, 'forward_pe': None}
Deciding best stock...
Generating Strategy Report for: ['AVGO', 'NVDA', 'MSFT', 'AAPL', 'AMD']
≡ƒôë Backtesting portfolio: ['AVGO', 'NVDA', 'MSFT', 'AAPL', 'AMD'] over 3y...

--- DECISION RESULT ---
≡ƒÅå Top Pick: AVGO
≡ƒôä Explanation:
Based on the provided data, the top candidate for investment is AVGO (Score: 4.54), followed closely by NVDA (Score: 4.04). The score spread between the two is 0.50, indicating low confidence in the relative ranking.

Comparing the top candidate, AVGO, against the runner-up, NVDA, we can see that both stocks have similar fundamental scores (2) due to rich valuations (P/E 100.0). However, AVGO has a higher news score (5.7) compared to NVDA (3.2), driven by its strong Q4 FY25 earnings beat, growth in data-center networking, and the pending Marvell acquisition. AVGO also has a higher technical score (6.5) due to a positive MACD crossover.

Key risks associated with AVGO include antitrust clearance risk for the Marvell deal, execution risk for scaling AI-X products, and potential macroeconomic slowdown affecting data-center capex. NVDA, on the other hand, faces risks such as high valuation relative to earnings, dependence on sustained AI demand, and intensifying competition from AMD in the AI GPU space.

Given the low confidence level in the relative ranking, it's essential to carefully consider these factors before making an investment decision. However, based on the provided data, AVGO appears to be the better choice due to its stronger news and technical scores, as well as its potential catalysts, such as the ramp-up of AI-X silicon-photonic accelerator and the completion of the Marvell acquisition.

Confidence level in this recommendation is low, reflecting the narrow score spread between AVGO and NVDA. Investors should closely monitor the stocks' performance, news, and technical indicators to adjust their investment strategy accordingly.

≡ƒôè Rankings:
- AVGO: 4.54 (Fund: 2, Tech: 6.5)
- NVDA: 4.04 (Fund: 2, Tech: 6.5)
- MSFT: 3.12 (Fund: 2, Tech: 3.5)
- AAPL: 2.9 (Fund: 2, Tech: 3.5)
- AMD: 2.6 (Fund: 2, Tech: 3.0)

≡ƒôê Strategy Engine Report:
   Backtest (3Y): Return: 246.3%, Sharpe: 1.50, Max DD: -30.7%
   Monte Carlo: Exp Ret: 59.2%, 95% Best: 149.1%, 5% Worst: -6.0%
